// Jest Snapshot v1, https://goo.gl/fbAQLP

exports[`<Control /> <Control /> renders correctly 1`] = `
<div
  className="c-instruction"
>
  <h2
    className="g-title"
  >
    How to play
  </h2>
  <div
    className="legend"
  >
    <div />
    - your character
  </div>
  <div
    className="legend"
  >
    <div />
    - your enemy, don't fall for him
  </div>
  <div
    className="legend"
  >
    <div />
    - exit of the maze
  </div>
  <div>
    Use arrow buttons to make the next move ("Space bar" to skip move) or click to the buttons below:
  </div>
  <div
    className="game-button-container"
  >
    <button
      className="button button-outline"
      disabled={true}
      onClick={[Function]}
    >
      ↑
    </button>
  </div>
  <div
    className="game-button-container"
  >
    <button
      className="button button-outline"
      disabled={false}
      onClick={[Function]}
    >
      ←
    </button>
    <button
      className="button button-outline"
      disabled={true}
      onClick={[Function]}
    >
      ↓
    </button>
    <button
      className="button button-outline"
      disabled={false}
      onClick={[Function]}
    >
      →
    </button>
  </div>
  <div
    className="game-button-container"
  >
    <button
      className="button button-outline"
      disabled={false}
      onClick={[Function]}
    >
      Skip move (Space bar)
    </button>
  </div>
  <div
    className="preloader-wrapper"
    style={
      Object {
        "visibility": "hidden",
      }
    }
  >
    <div
      className="c-preloader"
    >
      <div
        className="spinner"
      >
        <div
          className="bounce1"
        />
        <div
          className="bounce2"
        />
        <div
          className="bounce3"
        />
      </div>
    </div>
  </div>
  <div
    className="info-message-box"
    style={
      Object {
        "visibility": "hidden",
      }
    }
  >
    Wait for the enemy to move
  </div>
  <button
    className="button button-outline float-right"
    onClick={[MockFunction]}
  >
    Set up new game
  </button>
</div>
`;
